C:/Users/LENOVO/Documents/mT/prj_stm32n6_cam/FSBL/mtk3_bsp2/sysdepend/stm32_cube/cpu/core/armv8m/cpu_status.h:69:13:knl_EnterTaskIndependent	4	static
C:/Users/LENOVO/Documents/mT/prj_stm32n6_cam/FSBL/mtk3_bsp2/sysdepend/stm32_cube/cpu/core/armv8m/cpu_status.h:73:13:knl_LeaveTaskIndependent	4	static
C:/Users/LENOVO/Documents/mT/prj_stm32n6_cam/FSBL/mtk3_bsp2/sysdepend/stm32_cube/cpu/core/armv8m/sysdepend.h:62:11:knl_get_ipsr	16	static,ignoring_inline_asm
../mtk3_bsp2/sysdepend/stm32_cube/cpu/core/armv8m/interrupt.c:33:13:knl_hll_inthdr	16	static
../mtk3_bsp2/sysdepend/stm32_cube/cpu/core/armv8m/interrupt.c:52:13:knl_systim_inthdr	8	static
../mtk3_bsp2/sysdepend/stm32_cube/cpu/core/armv8m/interrupt.c:65:11:knl_define_inthdr	32	static
../mtk3_bsp2/sysdepend/stm32_cube/cpu/core/armv8m/interrupt.c:87:13:knl_return_inthdr	4	static
../mtk3_bsp2/sysdepend/stm32_cube/cpu/core/armv8m/interrupt.c:93:6:knl_default_handler	8	static
../mtk3_bsp2/sysdepend/stm32_cube/cpu/core/armv8m/interrupt.c:103:11:knl_init_interrupt	4	static
