C:/Users/LENOVO/Documents/mT/prj_stm32n6_cam/FSBL/mtk3_bsp2/sysdepend/stm32_cube/cpu/core/armv8m/cpu_status.h:62:13:knl_isTaskIndependent	4	static
../mtk3_bsp2/mtkernel/kernel/tkernel/cpuctl.c:29:12:tk_dis_dsp	8	static
../mtk3_bsp2/mtkernel/kernel/tkernel/cpuctl.c:45:12:tk_ena_dsp	8	static
../mtk3_bsp2/mtkernel/kernel/tkernel/cpuctl.c:64:12:tk_set_reg	40	static
../mtk3_bsp2/mtkernel/kernel/tkernel/cpuctl.c:93:12:tk_get_reg	40	static
../mtk3_bsp2/mtkernel/kernel/tkernel/cpuctl.c:124:12:tk_set_cpr	40	static
../mtk3_bsp2/mtkernel/kernel/tkernel/cpuctl.c:156:12:tk_get_cpr	40	static
