C:/Users/LENOVO/Documents/mT/prj_stm32n6_cam/FSBL/mtk3_bsp2/mtkernel/include/sys/queue.h:40:13:QueInit	16	static
C:/Users/LENOVO/Documents/mT/prj_stm32n6_cam/FSBL/mtk3_bsp2/mtkernel/include/sys/queue.h:49:13:isQueEmpty	16	static
C:/Users/LENOVO/Documents/mT/prj_stm32n6_cam/FSBL/mtk3_bsp2/mtkernel/include/sys/queue.h:58:13:QueInsert	16	static
C:/Users/LENOVO/Documents/mT/prj_stm32n6_cam/FSBL/mtk3_bsp2/mtkernel/include/sys/queue.h:71:13:QueRemove	16	static
C:/Users/LENOVO/Documents/mT/prj_stm32n6_cam/FSBL/mtk3_bsp2/mtkernel/include/sys/queue.h:85:15:QueRemoveNext	24	static
../mtk3_bsp2/mtkernel/kernel/tkernel/deviceio.c:37:15:knl_GetResCB	8	static
../mtk3_bsp2/mtkernel/kernel/tkernel/deviceio.c:55:11:knl_check_devdesc	32	static
../mtk3_bsp2/mtkernel/kernel/tkernel/deviceio.c:80:13:knl_delOpnCB	16	static
../mtk3_bsp2/mtkernel/kernel/tkernel/deviceio.c:94:13:knl_delReqCB	16	static
../mtk3_bsp2/mtkernel/kernel/tkernel/deviceio.c:107:13:knl_chkopen	24	static
../mtk3_bsp2/mtkernel/kernel/tkernel/deviceio.c:130:14:newOpnCB	32	static
../mtk3_bsp2/mtkernel/kernel/tkernel/deviceio.c:160:10:chkopenmode	48	static
../mtk3_bsp2/mtkernel/kernel/tkernel/deviceio.c:211:12:tk_opn_dev	64	static
../mtk3_bsp2/mtkernel/kernel/tkernel/deviceio.c:306:12:abort_allrequest	48	static
../mtk3_bsp2/mtkernel/kernel/tkernel/deviceio.c:399:11:knl_close_device	40	static
../mtk3_bsp2/mtkernel/kernel/tkernel/deviceio.c:457:12:tk_cls_dev	24	static
../mtk3_bsp2/mtkernel/kernel/tkernel/deviceio.c:486:14:newReqCB	24	static
../mtk3_bsp2/mtkernel/kernel/tkernel/deviceio.c:507:11:knl_request	56	static
../mtk3_bsp2/mtkernel/kernel/tkernel/deviceio.c:595:12:tk_rea_dev	40	static
../mtk3_bsp2/mtkernel/kernel/tkernel/deviceio.c:607:12:tk_srea_dev	40	static
../mtk3_bsp2/mtkernel/kernel/tkernel/deviceio.c:630:12:tk_wri_dev	40	static
../mtk3_bsp2/mtkernel/kernel/tkernel/deviceio.c:642:12:tk_swri_dev	40	static
../mtk3_bsp2/mtkernel/kernel/tkernel/deviceio.c:665:14:knl_check_reqid	24	static
../mtk3_bsp2/mtkernel/kernel/tkernel/deviceio.c:683:12:tk_wai_dev	72	static
../mtk3_bsp2/mtkernel/kernel/tkernel/deviceio.c:825:10:sendevt_alldevice	40	static
../mtk3_bsp2/mtkernel/kernel/tkernel/deviceio.c:859:10:do_suspend	16	static
../mtk3_bsp2/mtkernel/kernel/tkernel/deviceio.c:902:13:tk_sus_dev	32	static
../mtk3_bsp2/mtkernel/kernel/tkernel/deviceio.c:972:13:knl_devmgr_startup	8	static
../mtk3_bsp2/mtkernel/kernel/tkernel/deviceio.c:988:13:knl_devmgr_cleanup	16	static
../mtk3_bsp2/mtkernel/kernel/tkernel/deviceio.c:1025:11:knl_initDevIO	16	static
../mtk3_bsp2/mtkernel/kernel/tkernel/deviceio.c:1047:11:knl_finishDevIO	4	static
