C:/Users/LENOVO/Documents/mT/prj_stm32n6_cam/FSBL/mtk3_bsp2/mtkernel/include/sys/queue.h:40:13:QueInit	16	static
C:/Users/LENOVO/Documents/mT/prj_stm32n6_cam/FSBL/mtk3_bsp2/mtkernel/include/sys/queue.h:49:13:isQueEmpty	16	static
C:/Users/LENOVO/Documents/mT/prj_stm32n6_cam/FSBL/mtk3_bsp2/mtkernel/include/sys/queue.h:58:13:QueInsert	16	static
C:/Users/LENOVO/Documents/mT/prj_stm32n6_cam/FSBL/mtk3_bsp2/mtkernel/include/sys/queue.h:85:15:QueRemoveNext	24	static
C:/Users/LENOVO/Documents/mT/prj_stm32n6_cam/FSBL/mtk3_bsp2/sysdepend/stm32_cube/cpu/core/armv8m/cpu_status.h:62:13:knl_isTaskIndependent	4	static
../mtk3_bsp2/mtkernel/kernel/tkernel/eventflag.h:45:13:knl_eventflag_cond	24	static
../mtk3_bsp2/mtkernel/kernel/tkernel/eventflag.c:33:11:knl_eventflag_initialize	16	static
../mtk3_bsp2/mtkernel/kernel/tkernel/eventflag.c:56:12:tk_cre_flg	40	static
../mtk3_bsp2/mtkernel/kernel/tkernel/eventflag.c:104:12:tk_del_flg	32	static
../mtk3_bsp2/mtkernel/kernel/tkernel/eventflag.c:133:12:tk_set_flg	48	static
../mtk3_bsp2/mtkernel/kernel/tkernel/eventflag.c:191:12:tk_clr_flg	32	static
../mtk3_bsp2/mtkernel/kernel/tkernel/eventflag.c:214:12:flg_chg_pri	24	static
../mtk3_bsp2/mtkernel/kernel/tkernel/eventflag.c:231:12:tk_wai_flg	40	static
../mtk3_bsp2/mtkernel/kernel/tkernel/eventflag.c:287:12:tk_ref_flg	32	static
