C:/Users/LENOVO/Documents/mT/prj_stm32n6_cam/FSBL/mtk3_bsp2/mtkernel/include/sys/queue.h:40:13:QueInit	16	static
C:/Users/LENOVO/Documents/mT/prj_stm32n6_cam/FSBL/mtk3_bsp2/mtkernel/include/sys/queue.h:49:13:isQueEmpty	16	static
C:/Users/LENOVO/Documents/mT/prj_stm32n6_cam/FSBL/mtk3_bsp2/mtkernel/include/sys/queue.h:58:13:QueInsert	16	static
C:/Users/LENOVO/Documents/mT/prj_stm32n6_cam/FSBL/mtk3_bsp2/mtkernel/include/sys/queue.h:85:15:QueRemoveNext	24	static
C:/Users/LENOVO/Documents/mT/prj_stm32n6_cam/FSBL/mtk3_bsp2/sysdepend/stm32_cube/cpu/core/armv8m/cpu_status.h:62:13:knl_isTaskIndependent	4	static
../mtk3_bsp2/mtkernel/kernel/tkernel/mailbox.h:63:13:knl_queue_insert_mpri	24	static
../mtk3_bsp2/mtkernel/kernel/tkernel/mailbox.c:33:11:knl_mailbox_initialize	16	static
../mtk3_bsp2/mtkernel/kernel/tkernel/mailbox.c:57:12:tk_cre_mbx	40	static
../mtk3_bsp2/mtkernel/kernel/tkernel/mailbox.c:105:12:tk_del_mbx	32	static
../mtk3_bsp2/mtkernel/kernel/tkernel/mailbox.c:134:12:tk_snd_mbx	32	static
../mtk3_bsp2/mtkernel/kernel/tkernel/mailbox.c:189:12:mbx_chg_pri	24	static
../mtk3_bsp2/mtkernel/kernel/tkernel/mailbox.c:206:12:tk_rcv_mbx	40	static
../mtk3_bsp2/mtkernel/kernel/tkernel/mailbox.c:246:12:tk_ref_mbx	32	static
