C:/Users/LENOVO/Documents/mT/prj_stm32n6_cam/FSBL/mtk3_bsp2/mtkernel/include/sys/queue.h:40:13:QueInit	16	static
C:/Users/LENOVO/Documents/mT/prj_stm32n6_cam/FSBL/mtk3_bsp2/mtkernel/include/sys/queue.h:58:13:QueInsert	16	static
C:/Users/LENOVO/Documents/mT/prj_stm32n6_cam/FSBL/mtk3_bsp2/mtkernel/include/sys/queue.h:71:13:QueRemove	16	static
../mtk3_bsp2/mtkernel/kernel/tkernel/memory.c:29:15:knl_searchFreeArea	24	static
../mtk3_bsp2/mtkernel/kernel/tkernel/memory.c:77:13:knl_appendFreeArea	24	static
../mtk3_bsp2/mtkernel/kernel/tkernel/memory.c:111:13:knl_removeFreeQue	16	static
../mtk3_bsp2/mtkernel/kernel/tkernel/memory.c:131:13:knl_insertAreaQue	16	static
../mtk3_bsp2/mtkernel/kernel/tkernel/memory.c:142:13:knl_removeAreaQue	16	static
../mtk3_bsp2/mtkernel/kernel/tkernel/memory.c:160:14:knl_Imalloc	32	static
../mtk3_bsp2/mtkernel/kernel/tkernel/memory.c:211:14:knl_Icalloc	24	static
../mtk3_bsp2/mtkernel/kernel/tkernel/memory.c:230:14:knl_Irealloc	32	static
../mtk3_bsp2/mtkernel/kernel/tkernel/memory.c:261:14:knl_Ifree	24	static
../mtk3_bsp2/mtkernel/kernel/tkernel/memory.c:295:12:initIMACB	8	static
../mtk3_bsp2/mtkernel/kernel/tkernel/memory.c:304:11:knl_init_Imalloc	16	static
