C:/Users/LENOVO/Documents/mT/prj_stm32n6_cam/FSBL/mtk3_bsp2/mtkernel/include/sys/queue.h:40:13:QueInit	16	static
C:/Users/LENOVO/Documents/mT/prj_stm32n6_cam/FSBL/mtk3_bsp2/mtkernel/include/sys/queue.h:49:13:isQueEmpty	16	static
C:/Users/LENOVO/Documents/mT/prj_stm32n6_cam/FSBL/mtk3_bsp2/mtkernel/include/sys/queue.h:58:13:QueInsert	16	static
C:/Users/LENOVO/Documents/mT/prj_stm32n6_cam/FSBL/mtk3_bsp2/mtkernel/include/sys/queue.h:85:15:QueRemoveNext	24	static
C:/Users/LENOVO/Documents/mT/prj_stm32n6_cam/FSBL/mtk3_bsp2/sysdepend/stm32_cube/cpu/core/armv8m/cpu_status.h:62:13:knl_isTaskIndependent	4	static
../mtk3_bsp2/mtkernel/kernel/tkernel/memory.h:67:10:roundSize	16	static
../mtk3_bsp2/mtkernel/kernel/tkernel/mempool.h:54:10:knl_MaxFreeSize	16	static
../mtk3_bsp2/mtkernel/kernel/tkernel/mempool.c:35:11:knl_memorypool_initialize	16	static
../mtk3_bsp2/mtkernel/kernel/tkernel/mempool.c:60:12:knl_appendFreeAreaBound	40	static
../mtk3_bsp2/mtkernel/kernel/tkernel/mempool.c:111:13:knl_get_blk	32	static
../mtk3_bsp2/mtkernel/kernel/tkernel/mempool.c:149:10:knl_rel_blk	32	static
../mtk3_bsp2/mtkernel/kernel/tkernel/mempool.c:194:13:knl_mpl_wakeup	32	static
../mtk3_bsp2/mtkernel/kernel/tkernel/mempool.c:222:12:init_mempool	16	static
../mtk3_bsp2/mtkernel/kernel/tkernel/mempool.c:240:12:tk_cre_mpl	48	static
../mtk3_bsp2/mtkernel/kernel/tkernel/mempool.c:336:12:tk_del_mpl	40	static
../mtk3_bsp2/mtkernel/kernel/tkernel/mempool.c:378:12:mpl_chg_pri	24	static
../mtk3_bsp2/mtkernel/kernel/tkernel/mempool.c:396:12:mpl_rel_wai	16	static
../mtk3_bsp2/mtkernel/kernel/tkernel/mempool.c:410:12:tk_get_mpl	40	static
../mtk3_bsp2/mtkernel/kernel/tkernel/mempool.c:460:12:tk_rel_mpl	32	static
../mtk3_bsp2/mtkernel/kernel/tkernel/mempool.c:501:12:tk_ref_mpl	48	static
