C:/Users/LENOVO/Documents/mT/prj_stm32n6_cam/FSBL/mtk3_bsp2/mtkernel/include/sys/queue.h:40:13:QueInit	16	static
C:/Users/LENOVO/Documents/mT/prj_stm32n6_cam/FSBL/mtk3_bsp2/mtkernel/include/sys/queue.h:58:13:QueInsert	16	static
C:/Users/LENOVO/Documents/mT/prj_stm32n6_cam/FSBL/mtk3_bsp2/mtkernel/include/sys/queue.h:85:15:QueRemoveNext	24	static
C:/Users/LENOVO/Documents/mT/prj_stm32n6_cam/FSBL/mtk3_bsp2/sysdepend/stm32_cube/cpu/core/armv8m/cpu_status.h:62:13:knl_isTaskIndependent	4	static
../mtk3_bsp2/mtkernel/kernel/tkernel/semaphore.c:33:11:knl_semaphore_initialize	16	static
../mtk3_bsp2/mtkernel/kernel/tkernel/semaphore.c:57:12:tk_cre_sem	40	static
../mtk3_bsp2/mtkernel/kernel/tkernel/semaphore.c:109:12:tk_del_sem	32	static
../mtk3_bsp2/mtkernel/kernel/tkernel/semaphore.c:138:12:tk_sig_sem	40	static
../mtk3_bsp2/mtkernel/kernel/tkernel/semaphore.c:195:12:sem_chg_pri	32	static
../mtk3_bsp2/mtkernel/kernel/tkernel/semaphore.c:233:12:sem_rel_wai	16	static
../mtk3_bsp2/mtkernel/kernel/tkernel/semaphore.c:247:12:tk_wai_sem	40	static
../mtk3_bsp2/mtkernel/kernel/tkernel/semaphore.c:296:12:tk_ref_sem	32	static
