C:/Users/LENOVO/Documents/mT/prj_stm32n6_cam/FSBL/mtk3_bsp2/mtkernel/include/sys/queue.h:40:13:QueInit	16	static
C:/Users/LENOVO/Documents/mT/prj_stm32n6_cam/FSBL/mtk3_bsp2/mtkernel/include/sys/queue.h:49:13:isQueEmpty	16	static
C:/Users/LENOVO/Documents/mT/prj_stm32n6_cam/FSBL/mtk3_bsp2/mtkernel/include/sys/queue.h:58:13:QueInsert	16	static
C:/Users/LENOVO/Documents/mT/prj_stm32n6_cam/FSBL/mtk3_bsp2/mtkernel/include/sys/queue.h:71:13:QueRemove	16	static
C:/Users/LENOVO/Documents/mT/prj_stm32n6_cam/FSBL/mtk3_bsp2/mtkernel/include/sys/queue.h:85:15:QueRemoveNext	24	static
../mtk3_bsp2/mtkernel/kernel/tkernel/ready_queue.h:54:12:knl_ready_queue_calc_top_priority	16	static
../mtk3_bsp2/mtkernel/kernel/tkernel/ready_queue.h:68:13:knl_ready_queue_initialize	24	static
../mtk3_bsp2/mtkernel/kernel/tkernel/ready_queue.h:84:13:knl_ready_queue_top	16	static
../mtk3_bsp2/mtkernel/kernel/tkernel/ready_queue.h:97:12:knl_ready_queue_top_priority	16	static
../mtk3_bsp2/mtkernel/kernel/tkernel/ready_queue.h:109:13:knl_ready_queue_insert	24	static
../mtk3_bsp2/mtkernel/kernel/tkernel/ready_queue.h:162:13:knl_ready_queue_delete	24	static
../mtk3_bsp2/mtkernel/kernel/tkernel/ready_queue.h:208:13:knl_ready_queue_rotate	24	static
../mtk3_bsp2/mtkernel/kernel/tkernel/task.h:110:13:knl_reschedule	16	static
C:/Users/LENOVO/Documents/mT/prj_stm32n6_cam/FSBL/mtk3_bsp2/sysdepend/stm32_cube/cpu/core/armv8m/cpu_task.h:82:13:knl_setup_context	24	static
../mtk3_bsp2/mtkernel/kernel/tkernel/task.c:49:11:knl_task_initialize	24	static
../mtk3_bsp2/mtkernel/kernel/tkernel/task.c:84:13:knl_make_dormant	16	static
../mtk3_bsp2/mtkernel/kernel/tkernel/task.c:118:13:knl_make_ready	16	static
../mtk3_bsp2/mtkernel/kernel/tkernel/task.c:133:13:knl_make_non_ready	16	static
../mtk3_bsp2/mtkernel/kernel/tkernel/task.c:144:13:knl_change_task_priority	24	static
../mtk3_bsp2/mtkernel/kernel/tkernel/task.c:174:13:knl_rotate_ready_queue	16	static
../mtk3_bsp2/mtkernel/kernel/tkernel/task.c:183:13:knl_rotate_ready_queue_run	8	static
