C:/Users/LENOVO/Documents/mT/prj_stm32n6_cam/FSBL/mtk3_bsp2/mtkernel/include/sys/queue.h:58:13:QueInsert	16	static
C:/Users/LENOVO/Documents/mT/prj_stm32n6_cam/FSBL/mtk3_bsp2/mtkernel/include/sys/queue.h:71:13:QueRemove	16	static
C:/Users/LENOVO/Documents/mT/prj_stm32n6_cam/FSBL/mtk3_bsp2/mtkernel/include/sys/queue.h:85:15:QueRemoveNext	24	static
C:/Users/LENOVO/Documents/mT/prj_stm32n6_cam/FSBL/mtk3_bsp2/mtkernel/kernel/knlinc/../tkernel/timer.h:92:13:knl_timer_delete	16	static
C:/Users/LENOVO/Documents/mT/prj_stm32n6_cam/FSBL/mtk3_bsp2/sysdepend/stm32_cube/cpu/core/armv8m/cpu_status.h:62:13:knl_isTaskIndependent	4	static
../mtk3_bsp2/mtkernel/kernel/tkernel/task.h:40:13:knl_task_alive	16	static
../mtk3_bsp2/mtkernel/kernel/tkernel/wait.h:49:13:knl_wait_cancel	16	static
C:/Users/LENOVO/Documents/mT/prj_stm32n6_cam/FSBL/mtk3_bsp2/sysdepend/stm32_cube/cpu/core/armv8m/cpu_task.h:111:13:knl_setup_stacd	24	static
C:/Users/LENOVO/Documents/mT/prj_stm32n6_cam/FSBL/mtk3_bsp2/sysdepend/stm32_cube/cpu/core/armv8m/cpu_task.h:124:13:knl_cleanup_context	24	static,ignoring_inline_asm
../mtk3_bsp2/mtkernel/kernel/tkernel/task_manage.c:29:12:tk_cre_tsk	40	static
../mtk3_bsp2/mtkernel/kernel/tkernel/task_manage.c:120:12:knl_del_tsk	24	static
../mtk3_bsp2/mtkernel/kernel/tkernel/task_manage.c:140:12:tk_del_tsk	32	static
../mtk3_bsp2/mtkernel/kernel/tkernel/task_manage.c:169:12:tk_sta_tsk	32	static
../mtk3_bsp2/mtkernel/kernel/tkernel/task_manage.c:197:12:knl_ter_tsk	24	static
../mtk3_bsp2/mtkernel/kernel/tkernel/task_manage.c:224:14:tk_ext_tsk	80	static
../mtk3_bsp2/mtkernel/kernel/tkernel/task_manage.c:264:14:tk_exd_tsk	8	static
../mtk3_bsp2/mtkernel/kernel/tkernel/task_manage.c:292:12:tk_ter_tsk	32	static
../mtk3_bsp2/mtkernel/kernel/tkernel/task_manage.c:330:12:tk_chg_pri	32	static
../mtk3_bsp2/mtkernel/kernel/tkernel/task_manage.c:382:12:tk_rot_rdq	24	static
../mtk3_bsp2/mtkernel/kernel/tkernel/task_manage.c:408:12:tk_get_tid	4	static
../mtk3_bsp2/mtkernel/kernel/tkernel/task_manage.c:418:12:tk_ref_tsk	32	static
../mtk3_bsp2/mtkernel/kernel/tkernel/task_manage.c:463:12:tk_rel_wai	32	static
