C:/Users/LENOVO/Documents/mT/prj_stm32n6_cam/FSBL/mtk3_bsp2/mtkernel/include/sys/queue.h:40:13:QueInit	16	static
C:/Users/LENOVO/Documents/mT/prj_stm32n6_cam/FSBL/mtk3_bsp2/mtkernel/include/sys/queue.h:58:13:QueInsert	16	static
C:/Users/LENOVO/Documents/mT/prj_stm32n6_cam/FSBL/mtk3_bsp2/mtkernel/include/sys/queue.h:71:13:QueRemove	16	static
C:/Users/LENOVO/Documents/mT/prj_stm32n6_cam/FSBL/mtk3_bsp2/mtkernel/include/sys/queue.h:85:15:QueRemoveNext	24	static
C:/Users/LENOVO/Documents/mT/prj_stm32n6_cam/FSBL/mtk3_bsp2/mtkernel/kernel/knlinc/../tkernel/timer.h:29:16:knl_toLSYSTIM	48	static
C:/Users/LENOVO/Documents/mT/prj_stm32n6_cam/FSBL/mtk3_bsp2/mtkernel/kernel/knlinc/../tkernel/timer.h:38:15:knl_toSYSTIM	32	static
C:/Users/LENOVO/Documents/mT/prj_stm32n6_cam/FSBL/mtk3_bsp2/mtkernel/kernel/knlinc/../tkernel/timer.h:54:13:knl_abstim_reached	16	static
C:/Users/LENOVO/Documents/mT/prj_stm32n6_cam/FSBL/mtk3_bsp2/mtkernel/kernel/knlinc/../tkernel/timer.h:92:13:knl_timer_delete	16	static
C:/Users/LENOVO/Documents/mT/prj_stm32n6_cam/FSBL/mtk3_bsp2/sysdepend/stm32_cube/cpu/core/armv8m/cpu_status.h:69:13:knl_EnterTaskIndependent	4	static
C:/Users/LENOVO/Documents/mT/prj_stm32n6_cam/FSBL/mtk3_bsp2/sysdepend/stm32_cube/cpu/core/armv8m/cpu_status.h:73:13:knl_LeaveTaskIndependent	4	static
../mtk3_bsp2/mtkernel/kernel/tkernel/time_calls.h:48:15:knl_cyc_next_time	24	static
../mtk3_bsp2/mtkernel/kernel/tkernel/time_calls.h:68:13:knl_cyc_timer_insert	16	static
../mtk3_bsp2/mtkernel/kernel/tkernel/time_calls.h:99:13:knl_alm_timer_insert	24	static
../mtk3_bsp2/mtkernel/kernel/tkernel/time_calls.c:36:12:tk_set_utc	32	static
../mtk3_bsp2/mtkernel/kernel/tkernel/time_calls.c:52:12:tk_get_utc	48	static
../mtk3_bsp2/mtkernel/kernel/tkernel/time_calls.c:66:12:tk_set_tim	48	static
../mtk3_bsp2/mtkernel/kernel/tkernel/time_calls.c:85:12:tk_get_tim	56	static
../mtk3_bsp2/mtkernel/kernel/tkernel/time_calls.c:103:12:tk_get_otm	40	static
../mtk3_bsp2/mtkernel/kernel/tkernel/time_calls.c:161:11:knl_cyclichandler_initialize	16	static
../mtk3_bsp2/mtkernel/kernel/tkernel/time_calls.c:185:13:knl_call_cychdr	16	static
../mtk3_bsp2/mtkernel/kernel/tkernel/time_calls.c:199:12:knl_immediate_call_cychdr	16	static
../mtk3_bsp2/mtkernel/kernel/tkernel/time_calls.c:214:12:tk_cre_cyc	40	static
../mtk3_bsp2/mtkernel/kernel/tkernel/time_calls.c:290:12:tk_del_cyc	32	static
../mtk3_bsp2/mtkernel/kernel/tkernel/time_calls.c:322:12:tk_sta_cyc	40	static
../mtk3_bsp2/mtkernel/kernel/tkernel/time_calls.c:379:12:tk_stp_cyc	32	static
../mtk3_bsp2/mtkernel/kernel/tkernel/time_calls.c:408:12:tk_ref_cyc	40	static
../mtk3_bsp2/mtkernel/kernel/tkernel/time_calls.c:564:11:knl_alarmhandler_initialize	16	static
../mtk3_bsp2/mtkernel/kernel/tkernel/time_calls.c:588:13:knl_call_almhdr	16	static
../mtk3_bsp2/mtkernel/kernel/tkernel/time_calls.c:602:12:tk_cre_alm	32	static
../mtk3_bsp2/mtkernel/kernel/tkernel/time_calls.c:649:12:tk_del_alm	32	static
../mtk3_bsp2/mtkernel/kernel/tkernel/time_calls.c:680:12:knl_immediate_call_almhdr	16	static
../mtk3_bsp2/mtkernel/kernel/tkernel/time_calls.c:694:12:tk_sta_alm	32	static
../mtk3_bsp2/mtkernel/kernel/tkernel/time_calls.c:734:12:tk_stp_alm	32	static
../mtk3_bsp2/mtkernel/kernel/tkernel/time_calls.c:763:12:tk_ref_alm	40	static
