../Middlewares/STM32_ISP/isp_services.c:143:13:To_Shift_Multiplier	40	static
../Middlewares/STM32_ISP/isp_services.c:160:17:From_Shift_Multiplier	48	static
../Middlewares/STM32_ISP/isp_services.c:168:16:To_CConv_Reg	24	static
../Middlewares/STM32_ISP/isp_services.c:178:16:From_CConv_Reg	32	static
../Middlewares/STM32_ISP/isp_services.c:188:16:GetAvgStats	32	static
../Middlewares/STM32_ISP/isp_services.c:220:13:ReadStatHistogram	24	static
../Middlewares/STM32_ISP/isp_services.c:228:13:SetStatConfig	24	static
../Middlewares/STM32_ISP/isp_services.c:236:32:GetNextStatStage	24	static
../Middlewares/STM32_ISP/isp_services.c:357:32:GetStatCycleStart	24	static
../Middlewares/STM32_ISP/isp_services.c:392:32:GetStatCycleEnd	24	static
../Middlewares/STM32_ISP/isp_services.c:427:9:LuminanceFromRGB	16	static
../Middlewares/STM32_ISP/isp_services.c:433:9:LuminanceFromRGBMono	16	static
../Middlewares/STM32_ISP/isp_services.c:448:19:ISP_SVC_ISP_SetDemosaicing	40	static
../Middlewares/STM32_ISP/isp_services.c:513:19:ISP_SVC_ISP_SetStatRemoval	24	static
../Middlewares/STM32_ISP/isp_services.c:552:19:ISP_SVC_ISP_SetDecimation	32	static
../Middlewares/STM32_ISP/isp_services.c:612:19:ISP_SVC_ISP_GetDecimation	16	static
../Middlewares/STM32_ISP/isp_services.c:626:19:ISP_SVC_ISP_SetContrast	32	static
../Middlewares/STM32_ISP/isp_services.c:680:19:ISP_SVC_ISP_SetStatArea	48	static
../Middlewares/STM32_ISP/isp_services.c:733:19:ISP_SVC_ISP_GetStatArea	32	static
../Middlewares/STM32_ISP/isp_services.c:772:19:ISP_SVC_ISP_SetBadPixel	24	static
../Middlewares/STM32_ISP/isp_services.c:812:19:ISP_SVC_ISP_GetBadPixel	24	static
../Middlewares/STM32_ISP/isp_services.c:842:19:ISP_SVC_ISP_SetBlackLevel	24	static
../Middlewares/STM32_ISP/isp_services.c:885:19:ISP_SVC_ISP_GetBlackLevel	24	static
../Middlewares/STM32_ISP/isp_services.c:913:19:ISP_SVC_ISP_SetGain	24	static
../Middlewares/STM32_ISP/isp_services.c:956:19:ISP_SVC_ISP_GetGain	24	static
../Middlewares/STM32_ISP/isp_services.c:983:19:ISP_SVC_ISP_SetColorConv	56	static
../Middlewares/STM32_ISP/isp_services.c:1046:19:ISP_SVC_ISP_GetColorConv	48	static
../Middlewares/STM32_ISP/isp_services.c:1080:19:ISP_SVC_Sensor_GetInfo	16	static
../Middlewares/STM32_ISP/isp_services.c:1106:19:ISP_SVC_Sensor_SetGain	16	static
../Middlewares/STM32_ISP/isp_services.c:1134:19:ISP_SVC_Sensor_GetGain	16	static
../Middlewares/STM32_ISP/isp_services.c:1160:19:ISP_SVC_Sensor_SetExposure	16	static
../Middlewares/STM32_ISP/isp_services.c:1188:19:ISP_SVC_Sensor_GetExposure	16	static
../Middlewares/STM32_ISP/isp_services.c:1214:19:ISP_SVC_Sensor_SetTestPattern	16	static
../Middlewares/STM32_ISP/isp_services.c:1243:19:ISP_SVC_Misc_GetDCMIPPVersion	32	static
../Middlewares/STM32_ISP/isp_services.c:1264:19:ISP_SVC_Misc_IsDCMIPPReady	16	static
../Middlewares/STM32_ISP/isp_services.c:1286:6:ISP_SVC_Misc_IncMainFrameId	16	static
../Middlewares/STM32_ISP/isp_services.c:1297:10:ISP_SVC_Misc_GetMainFrameId	16	static
../Middlewares/STM32_ISP/isp_services.c:1308:6:ISP_SVC_Misc_IncAncillaryFrameId	16	static
../Middlewares/STM32_ISP/isp_services.c:1319:10:ISP_SVC_Misc_GetAncillaryFrameId	16	static
../Middlewares/STM32_ISP/isp_services.c:1330:6:ISP_SVC_Misc_IncDumpFrameId	16	static
../Middlewares/STM32_ISP/isp_services.c:1341:10:ISP_SVC_Misc_GetDumpFrameId	16	static
../Middlewares/STM32_ISP/isp_services.c:1353:19:ISP_SVC_Misc_SetWBRefMode	16	static
../Middlewares/STM32_ISP/isp_services.c:1369:19:ISP_SVC_Misc_GetWBRefMode	16	static
../Middlewares/STM32_ISP/isp_services.c:1384:6:ISP_SVC_Misc_SensorDelayMeasureStart	4	static
../Middlewares/STM32_ISP/isp_services.c:1395:6:ISP_SVC_Misc_SensorDelayMeasureStop	4	static
../Middlewares/STM32_ISP/isp_services.c:1406:6:ISP_SVC_Misc_SensorDelayMeasureIsRunning	4	static
../Middlewares/STM32_ISP/isp_services.c:1418:19:ISP_SVC_Misc_SendSensorDelayMeasure	16	static
../Middlewares/STM32_ISP/isp_services.c:1433:19:ISP_SVC_Misc_StopPreview	16	static
../Middlewares/STM32_ISP/isp_services.c:1455:19:ISP_SVC_Misc_StartPreview	16	static
../Middlewares/STM32_ISP/isp_services.c:1478:6:ISP_SVC_Misc_IsGammaEnabled	24	static
../Middlewares/STM32_ISP/isp_services.c:1510:19:ISP_SVC_ISP_SetGamma	16	static
../Middlewares/STM32_ISP/isp_services.c:1559:19:ISP_SVC_Dump_GetFrame	48	static
../Middlewares/STM32_ISP/isp_services.c:1598:19:ISP_SVC_IQParam_Init	16	static
../Middlewares/STM32_ISP/isp_services.c:1612:21:ISP_SVC_IQParam_Get	16	static
../Middlewares/STM32_ISP/isp_services.c:1625:6:ISP_SVC_Stats_Init	16	static
../Middlewares/STM32_ISP/isp_services.c:1636:6:ISP_SVC_Stats_Gather	88	static
../Middlewares/STM32_ISP/isp_services.c:1864:19:ISP_SVC_Stats_ProcessCallbacks	40	static
../Middlewares/STM32_ISP/isp_services.c:1910:19:ISP_SVC_Stats_GetLatest	16	static
../Middlewares/STM32_ISP/isp_services.c:1936:19:ISP_SVC_Stats_GetNext	32	static
