../Middlewares/lib_vision_models_pp/lib_vision_models_pp/Src/od_pp_st_yolox.c:19:9:st_yolox_nms_comparator	88	static
../Middlewares/lib_vision_models_pp/lib_vision_models_pp/Src/od_pp_st_yolox.c:53:9:st_yolox_pp_nmsFiltering_centroid	56	static
../Middlewares/lib_vision_models_pp/lib_vision_models_pp/Src/od_pp_st_yolox.c:115:9:st_yolox_pp_scoreFiltering_centroid	24	static
../Middlewares/lib_vision_models_pp/lib_vision_models_pp/Src/od_pp_st_yolox.c:139:9:st_yolox_pp_level_decode_and_store	128	static
../Middlewares/lib_vision_models_pp/lib_vision_models_pp/Src/od_pp_st_yolox.c:237:9:st_yolox_pp_level_decode_and_store_is8	152	static
../Middlewares/lib_vision_models_pp/lib_vision_models_pp/Src/od_pp_st_yolox.c:370:9:st_yolox_pp_getNNBoxes_centroid	56	static
../Middlewares/lib_vision_models_pp/lib_vision_models_pp/Src/od_pp_st_yolox.c:415:9:st_yolox_pp_getNNBoxes_centroid_is8	72	static
../Middlewares/lib_vision_models_pp/lib_vision_models_pp/Src/od_pp_st_yolox.c:469:9:od_st_yolox_pp_reset	16	static
../Middlewares/lib_vision_models_pp/lib_vision_models_pp/Src/od_pp_st_yolox.c:478:9:od_st_yolox_pp_process	32	static
../Middlewares/lib_vision_models_pp/lib_vision_models_pp/Src/od_pp_st_yolox.c:502:9:od_st_yolox_pp_process_int8	32	static
