../Middlewares/lib_vision_models_pp/lib_vision_models_pp/Src/od_pp_ssd_st.c:17:9:ssd_st_nms_comparator	40	static
../Middlewares/lib_vision_models_pp/lib_vision_models_pp/Src/od_pp_ssd_st.c:32:16:SSD_quick_sort_partition	56	static
../Middlewares/lib_vision_models_pp/lib_vision_models_pp/Src/od_pp_ssd_st.c:91:13:SSD_quick_sort_core	48	static
../Middlewares/lib_vision_models_pp/lib_vision_models_pp/Src/od_pp_ssd_st.c:132:6:ignore_background	16	static
../Middlewares/lib_vision_models_pp/lib_vision_models_pp/Src/od_pp_ssd_st.c:142:9:ssd_st_pp_getNNBoxes	112	static
../Middlewares/lib_vision_models_pp/lib_vision_models_pp/Src/od_pp_ssd_st.c:202:9:ssd_st_pp_getNNBoxes_scratchBuffer	112	static
../Middlewares/lib_vision_models_pp/lib_vision_models_pp/Src/od_pp_ssd_st.c:254:9:ssd_st_pp_getNNBoxes_int8_scratchBuffer	160	static
../Middlewares/lib_vision_models_pp/lib_vision_models_pp/Src/od_pp_ssd_st.c:327:9:ssd_st_pp_nms_filtering_scratchBuffer	56	static
../Middlewares/lib_vision_models_pp/lib_vision_models_pp/Src/od_pp_ssd_st.c:389:9:ssd_st_pp_nms_filtering	80	static
../Middlewares/lib_vision_models_pp/lib_vision_models_pp/Src/od_pp_ssd_st.c:442:9:ssd_st_pp_score_filtering_scratchBuffer	40	static
../Middlewares/lib_vision_models_pp/lib_vision_models_pp/Src/od_pp_ssd_st.c:467:9:ssd_st_pp_score_filtering	96	static
../Middlewares/lib_vision_models_pp/lib_vision_models_pp/Src/od_pp_ssd_st.c:509:9:od_ssd_st_pp_reset	16	static
../Middlewares/lib_vision_models_pp/lib_vision_models_pp/Src/od_pp_ssd_st.c:518:9:od_ssd_st_pp_process	32	static
../Middlewares/lib_vision_models_pp/lib_vision_models_pp/Src/od_pp_ssd_st.c:586:9:od_ssd_st_pp_process_int8	32	static
