../Middlewares/lib_vision_models_pp/lib_vision_models_pp/Src/od_pp_yolov4.c:30:9:yolov4_nms_comparator	88	static
../Middlewares/lib_vision_models_pp/lib_vision_models_pp/Src/od_pp_yolov4.c:64:9:yolov4_nms_comparator_is8	40	static
../Middlewares/lib_vision_models_pp/lib_vision_models_pp/Src/od_pp_yolov4.c:99:9:yolov4_pp_nmsFiltering_centroid	56	static
../Middlewares/lib_vision_models_pp/lib_vision_models_pp/Src/od_pp_yolov4.c:165:9:yolov4_pp_nmsFiltering_centroid_is8	56	static
../Middlewares/lib_vision_models_pp/lib_vision_models_pp/Src/od_pp_yolov4.c:230:9:yolov4_pp_scoreFiltering_centroid	32	static
../Middlewares/lib_vision_models_pp/lib_vision_models_pp/Src/od_pp_yolov4.c:254:9:yolov4_pp_scoreFiltering_centroid_is8	56	static
../Middlewares/lib_vision_models_pp/lib_vision_models_pp/Src/od_pp_yolov4.c:284:9:yolov4_pp_getNNBoxes_centroid	128	static
../Middlewares/lib_vision_models_pp/lib_vision_models_pp/Src/od_pp_yolov4.c:333:9:yolov4_pp_getNNBoxes_centroid_int8	232	static
../Middlewares/lib_vision_models_pp/lib_vision_models_pp/Src/od_pp_yolov4.c:428:9:yolov4_pp_getNNBoxes_centroid_is8os8	128	static
../Middlewares/lib_vision_models_pp/lib_vision_models_pp/Src/od_pp_yolov4.c:483:9:od_yolov4_pp_reset	16	static
../Middlewares/lib_vision_models_pp/lib_vision_models_pp/Src/od_pp_yolov4.c:492:9:od_yolov4_pp_process	32	static
../Middlewares/lib_vision_models_pp/lib_vision_models_pp/Src/od_pp_yolov4.c:517:9:od_yolov4_pp_process_int8	32	static
