../Middlewares/lib_vision_models_pp/lib_vision_models_pp/Src/pd_pp_model.c:23:16:pd_pp_nms_comparator	24	static
../Middlewares/lib_vision_models_pp/lib_vision_models_pp/Src/pd_pp_model.c:37:13:pd_pp_compute_opposite_corners_from_box	16	static
../Middlewares/lib_vision_models_pp/lib_vision_models_pp/Src/pd_pp_model.c:45:14:pd_pp_compute_iou	112	static
../Middlewares/lib_vision_models_pp/lib_vision_models_pp/Src/pd_pp_model.c:85:16:pd_pp_decode	72	static
../Middlewares/lib_vision_models_pp/lib_vision_models_pp/Src/pd_pp_model.c:130:16:pd_pp_decode_int8	104	static
../Middlewares/lib_vision_models_pp/lib_vision_models_pp/Src/pd_pp_model.c:199:12:pd_pp_nms	56	static
../Middlewares/lib_vision_models_pp/lib_vision_models_pp/Src/pd_pp_model.c:229:9:pd_model_pp_reset	16	static
../Middlewares/lib_vision_models_pp/lib_vision_models_pp/Src/pd_pp_model.c:235:9:pd_model_pp_process	32	static
../Middlewares/lib_vision_models_pp/lib_vision_models_pp/Src/pd_pp_model.c:253:9:pd_model_pp_process_int8	32	static
