C:/Users/LENOVO/Documents/mT/prj_stm32n6_cam/FSBL/Drivers/STM32N6xx_HAL_Driver/Inc/stm32n6xx_ll_bus.h:679:22:LL_MEM_EnableClock	24	static
C:/Users/LENOVO/Documents/mT/prj_stm32n6_cam/FSBL/Drivers/STM32N6xx_HAL_Driver/Inc/stm32n6xx_ll_bus.h:1165:22:LL_AHB3_GRP1_EnableClock	24	static
C:/Users/LENOVO/Documents/mT/prj_stm32n6_cam/FSBL/Drivers/STM32N6xx_HAL_Driver/Inc/stm32n6xx_ll_bus.h:1407:22:LL_AHB4_GRP1_EnableClock	24	static
C:/Users/LENOVO/Documents/mT/prj_stm32n6_cam/FSBL/Drivers/STM32N6xx_HAL_Driver/Inc/stm32n6xx_ll_bus.h:3639:22:LL_APB5_GRP1_EnableClock	24	static
C:/Users/LENOVO/Documents/mT/prj_stm32n6_cam/FSBL/Drivers/STM32N6xx_HAL_Driver/Inc/stm32n6xx_ll_bus.h:3683:22:LL_APB5_GRP1_DisableClock	16	static
C:/Users/LENOVO/Documents/mT/prj_stm32n6_cam/FSBL/Drivers/STM32N6xx_HAL_Driver/Inc/stm32n6xx_ll_bus.h:3703:22:LL_APB5_GRP1_ForceReset	16	static
C:/Users/LENOVO/Documents/mT/prj_stm32n6_cam/FSBL/Drivers/STM32N6xx_HAL_Driver/Inc/stm32n6xx_ll_bus.h:3723:22:LL_APB5_GRP1_ReleaseReset	16	static
../Core/Src/stm32n6xx_hal_msp.c:63:6:HAL_MspInit	4	static
../Core/Src/stm32n6xx_hal_msp.c:83:6:HAL_DCMIPP_MspInit	456	static
../Core/Src/stm32n6xx_hal_msp.c:202:6:HAL_LTDC_MspInit	448	static
../Core/Src/stm32n6xx_hal_msp.c:346:6:HAL_DCMIPP_MspDeInit	16	static
